Frame 0
Frame 1
0
1
0
0
1
1
0
Frame 2
0
1
0
0
1
1
0
Frame 3
0
1
0
1
1
1
0
Frame 4
0
1
0
0
1
1
0
Frame 5
0
1
0
1
1
1
0
Frame 6
0
1
0
1
0
1
0
Frame 7
0
1
0
1
0
1
0
Frame 8
0
1
0
1
0
1
0
Frame 9
0
1
0
1
1
1
0
Frame 10
0
1
0
1
1
0
Frame 11
0
1
0
1
0
1
0
Frame 12
0
1
0
1
0
1
0
Frame 13
0
1
0
1
0
1
0
Frame 14
0
1
0
1
0
0
Frame 15
0
1
0
1
0
1
0
Frame 16
0
1
0
1
0
1
0
Frame 17
0
1
0
1
0
1
0
Frame 18
0
1
0
1
0
1
0
Frame 19
0
1
0
1
0
1
0
Frame 20
0
1
0
1
0
1
0
Frame 21
0
0
1
0
0
1
Frame 22
0
0
1
1
0
1
1
Frame 23
0
1
0
1
0
0
1
Frame 24
0
0
1
1
0
0
1
Frame 25
0
0
1
1
0
0
1
Frame 26
0
1
1
0
0
1
0
Frame 27
0
1
1
0
0
1
Frame 28
0
1
1
0
0
1
Frame 29
0
1
1
0
0
1
Frame 30
0
1
1
0
0
1
1
Frame 31
0
1
1
0
1
0
1
Frame 32
0
1
1
0
1
0
Frame 33
0
1
1
0
1
0
Frame 34
0
1
1
1
0
0
Frame 35
0
1
1
0
0
Frame 36
0
1
1
0
1
0
Frame 37
0
1
1
0
0
Frame 38
0
1
0
1
0
Frame 39
0
1
0
1
0
1
Frame 40
0
1
0
1
0
1
Frame 41
0
1
1
0
1
0
Frame 42
0
1
0
1
0
Frame 43
0
1
0
1
0
Frame 44
0
1
1
0
1
0
Frame 45
0
1
1
0
1
0
Frame 46
0
0
1
1
0
1
0
Frame 47
0
1
1
0
0
1
Frame 48
0
0
1
1
0
0
1
1
Frame 49
0
1
1
1
0
0
1
Frame 50
0
1
0
1
0
0
1
Frame 51
0
1
0
1
0
0
1
Frame 52
0
1
0
1
0
0
1
Frame 53
0
0
1
0
0
Frame 54
0
0
1
1
0
0
1
Frame 55
0
0
1
1
0
0
Frame 56
0
0
1
1
0
0
Frame 57
0
0
1
1
0
0
Frame 58
0
1
1
1
0
0
1
Frame 59
0
1
1
1
0
0
1
Frame 60
0
1
1
1
0
0
1
Frame 61
0
1
1
1
0
0
1
Frame 62
0
1
1
1
0
0
1
Frame 63
0
1
0
1
0
0
1
Frame 64
0
1
0
1
0
0
1
Frame 65
0
1
1
1
0
0
1
Frame 66
0
1
1
1
0
0
1
Frame 67
0
1
1
0
0
1
Frame 68
0
1
1
0
0
1
Frame 69
0
1
1
0
0
1
Frame 70
0
1
1
0
0
1
Frame 71
0
1
1
0
0
1
Frame 72
0
1
1
0
0
1
Frame 73
0
1
1
0
0
1
Frame 74
0
1
1
0
0
1
Frame 75
0
1
1
0
0
1
Frame 76
0
1
1
0
0
1
Frame 77
0
1
1
0
0
1
Frame 78
0
1
1
0
0
1
Frame 79
0
1
1
0
0
1
Frame 80
0
1
1
0
0
1
Frame 81
0
1
1
0
0
1
Frame 82
0
1
1
0
0
1
Frame 83
0
1
1
0
0
1
Frame 84
0
1
1
0
0
1
Frame 85
0
1
1
0
0
1
Frame 86
0
1
1
0
0
1
Frame 87
0
1
1
0
0
1
Frame 88
0
1
1
0
0
1
Frame 89
0
1
1
0
0
1
Frame 90
0
1
1
0
0
1